
> elemats-hospital@0.1.0 build
> next build

Ôû▓ Next.js 16.2.1 (Turbopack)

  Creating an optimized production build ...
Ô£ô Compiled successfully in 3.2s
  Running TypeScript ...
  Finished TypeScript in 147ms ...
  Collecting page data using 11 workers ...
  Generating static pages using 11 workers (0/10) ...
  Generating static pages using 11 workers (2/10) 
  Generating static pages using 11 workers (4/10) 
  Generating static pages using 11 workers (7/10) 
Ô£ô Generating static pages using 11 workers (10/10) in 586ms
  Finalizing page optimization ...

Route (app)
Ôöî Ôùï /
Ôö£ Ôùï /_not-found
Ôö£ Ôùï /about
Ôö£ Ôùï /careers
Ôö£ ãÆ /careers/[id]
Ôö£ Ôùï /resources
Ôö£ Ôùï /resources/blogs
Ôö£ Ôùï /resources/patient-guide
Ôö£ Ôùï /services
Ôöö ãÆ /services/[slug]


Ôùï  (Static)   prerendered as static content
ãÆ  (Dynamic)  server-rendered on demand

